// Jest Snapshot v1, https://goo.gl/fbAQLP

exports[`matches Activity snapshot 1`] = `
Array [
  <div
    className="main-section d-flex p-1 bg-white"
    data-testid="appActivity"
  >
    <div
      className="w-50 image-section p-3"
    >
      <img
        alt="boohoo"
        className="image-det"
        src="sample"
      />
    </div>
    <div
      className="activity-body ml-1"
    >
      <div>
        <span
          className="activity-title text-secondary"
        >
          test title...
        </span>
      </div>
      <div
        className="activity-text text-secondary d-flex"
      >
        <div
          className="activity-inner"
        >
          test total
        </div>
        <div>
          <small>
            Hrs
          </small>
        </div>
      </div>
      <div
        className="lower-section"
      >
        <a
          className="links-info"
          href="/activity/undefined/measurements"
          onClick={[Function]}
        >
          Details
        </a>
        <i
          className="far fa-trash-alt ml-4 trash-section"
          onClick={[Function]}
        />
      </div>
    </div>
  </div>,
  ",",
]
`;
