// Jest Snapshot v1, https://goo.gl/fbAQLP

exports[`matches Button snapshot 1`] = `
Array [
  <div
    className="link-div px-0"
    data-testid="appButton"
  >
    <button
      className="link-button"
      type="button"
    >
      <a
        href="/test-path"
        onClick={[Function]}
        style={
          Object {
            "color": "#ABAEB3",
          }
        }
      >
        <i
          className="sample color"
        />
        <p>
          test name
        </p>
      </a>
    </button>
  </div>,
  ",",
]
`;
