// Jest Snapshot v1, https://goo.gl/fbAQLP

exports[`matches CreateMeasurement snapshot 1`] = `
Array [
  <div
    className="measure-section"
    data-testid="appCreateMeasurement"
  >
    <div
      className="activity-header"
    >
      <p
        style={
          Object {
            "color": "grey",
          }
        }
      >
        Measure 
      </p>
    </div>
    <div
      className="mx-auto mt-4 clock-border"
    >
      <div
        className="h1 d-flex justify-content-center"
      >
        <p>
          00:00:00:00
        </p>
      </div>
    </div>
    <div
      className="d-flex justify-content-center mt-4 bg-white p-2 lower-section-button"
    >
      <button
        className="start-watch mr-1"
        onClick={[Function]}
      >
        Start
      </button>
      <button
        className="stop-watch mr-1"
        onClick={[Function]}
      >
        <a
          className="text-white"
          href="/activity/undefined/measurements"
          onClick={[Function]}
        >
          Stop
        </a>
      </button>
    </div>
    <div
      className="footer"
      data-testid="appFooter"
    >
      <div
        className="link-div px-0"
        data-testid="appButton"
      >
        <button
          className="link-button w-100 h-100"
        >
          <a
            href="/activities"
            onClick={[Function]}
            style={
              Object {
                "color": "#ABAEB3",
              }
            }
          >
            <i
              className="far fa-chart-bar"
            />
            <p>
              Home
            </p>
          </a>
        </button>
      </div>
      <div
        className="link-div px-0"
        data-testid="appButton"
      >
        <button
          className="link-button w-100 h-100"
        >
          <a
            href="/create-activity"
            onClick={[Function]}
            style={
              Object {
                "color": "#ABAEB3",
              }
            }
          >
            <i
              className="fas fa-chart-line fa-1x"
            />
            <p>
              Create Activity
            </p>
          </a>
        </button>
      </div>
      <div
        className="link-div px-0"
        data-testid="appButton"
      >
        <button
          className="link-button w-100 h-100"
        >
          <a
            href="/information"
            onClick={[Function]}
            style={
              Object {
                "color": "#ABAEB3",
              }
            }
          >
            <i
              className="fas fa-chart-pie"
            />
            <p>
              Information
            </p>
          </a>
        </button>
      </div>
      <div
        className="link-div px-0"
        data-testid="appButton"
      >
        <button
          className="link-button w-100 h-100"
        >
          <a
            href="/activities"
            onClick={[Function]}
            style={
              Object {
                "color": "#ABAEB3",
              }
            }
          >
            <i
              className="fas fa-ellipsis-h"
            />
            <p>
              More
            </p>
          </a>
        </button>
      </div>
    </div>
  </div>,
  ",",
]
`;
